[0.022s] Invoking command in '/home/vboxuser/ws_moveit/src/bionic_hand_description/build/bionic_hand_description': CMAKE_PREFIX_PATH=/opt/ros/humble /usr/bin/cmake /home/vboxuser/ws_moveit/src/bionic_hand_description -DCMAKE_INSTALL_PREFIX=/home/vboxuser/ws_moveit/src/bionic_hand_description/install/bionic_hand_description
[0.036s] -- Found ament_cmake: 1.3.11 (/opt/ros/humble/share/ament_cmake/cmake)
[0.211s] -- Configuring done
[0.215s] -- Generating done
[0.217s] -- Build files have been written to: /home/vboxuser/ws_moveit/src/bionic_hand_description/build/bionic_hand_description
[0.220s] Invoked command in '/home/vboxuser/ws_moveit/src/bionic_hand_description/build/bionic_hand_description' returned '0': CMAKE_PREFIX_PATH=/opt/ros/humble /usr/bin/cmake /home/vboxuser/ws_moveit/src/bionic_hand_description -DCMAKE_INSTALL_PREFIX=/home/vboxuser/ws_moveit/src/bionic_hand_description/install/bionic_hand_description
[0.221s] Invoking command in '/home/vboxuser/ws_moveit/src/bionic_hand_description/build/bionic_hand_description': CMAKE_PREFIX_PATH=/opt/ros/humble /usr/bin/cmake --build /home/vboxuser/ws_moveit/src/bionic_hand_description/build/bionic_hand_description -- -j8 -l8
[0.266s] Invoked command in '/home/vboxuser/ws_moveit/src/bionic_hand_description/build/bionic_hand_description' returned '0': CMAKE_PREFIX_PATH=/opt/ros/humble /usr/bin/cmake --build /home/vboxuser/ws_moveit/src/bionic_hand_description/build/bionic_hand_description -- -j8 -l8
[0.278s] Invoking command in '/home/vboxuser/ws_moveit/src/bionic_hand_description/build/bionic_hand_description': CMAKE_PREFIX_PATH=/opt/ros/humble /usr/bin/cmake --install /home/vboxuser/ws_moveit/src/bionic_hand_description/build/bionic_hand_description
[0.286s] -- Install configuration: ""
[0.286s] -- Installing: /home/vboxuser/ws_moveit/src/bionic_hand_description/install/bionic_hand_description/share/bionic_hand_description/launch
[0.286s] -- Installing: /home/vboxuser/ws_moveit/src/bionic_hand_description/install/bionic_hand_description/share/bionic_hand_description/launch/launch.py
[0.286s] -- Installing: /home/vboxuser/ws_moveit/src/bionic_hand_description/install/bionic_hand_description/share/bionic_hand_description/launch/gz_simulator_launch.py
[0.287s] -- Installing: /home/vboxuser/ws_moveit/src/bionic_hand_description/install/bionic_hand_description/share/bionic_hand_description/meshes
[0.287s] -- Installing: /home/vboxuser/ws_moveit/src/bionic_hand_description/install/bionic_hand_description/share/bionic_hand_description/meshes/visual
[0.287s] -- Installing: /home/vboxuser/ws_moveit/src/bionic_hand_description/install/bionic_hand_description/share/bionic_hand_description/meshes/visual/base_link.STL
[0.287s] -- Installing: /home/vboxuser/ws_moveit/src/bionic_hand_description/install/bionic_hand_description/share/bionic_hand_description/meshes/visual/link1.STL
[0.287s] -- Installing: /home/vboxuser/ws_moveit/src/bionic_hand_description/install/bionic_hand_description/share/bionic_hand_description/meshes/collision
[0.287s] -- Installing: /home/vboxuser/ws_moveit/src/bionic_hand_description/install/bionic_hand_description/share/bionic_hand_description/meshes/collision/base_link.STL
[0.288s] -- Installing: /home/vboxuser/ws_moveit/src/bionic_hand_description/install/bionic_hand_description/share/bionic_hand_description/meshes/collision/link1.STL
[0.288s] -- Installing: /home/vboxuser/ws_moveit/src/bionic_hand_description/install/bionic_hand_description/share/bionic_hand_description/urdf
[0.288s] -- Installing: /home/vboxuser/ws_moveit/src/bionic_hand_description/install/bionic_hand_description/share/bionic_hand_description/urdf/Simplified_Assem.urdf
[0.288s] -- Installing: /home/vboxuser/ws_moveit/src/bionic_hand_description/install/bionic_hand_description/share/bionic_hand_description/urdf/robot.sdf
[0.288s] -- Installing: /home/vboxuser/ws_moveit/src/bionic_hand_description/install/bionic_hand_description/share/bionic_hand_description/world
[0.289s] -- Installing: /home/vboxuser/ws_moveit/src/bionic_hand_description/install/bionic_hand_description/share/bionic_hand_description/world/depot.sdf
[0.289s] -- Installing: /home/vboxuser/ws_moveit/src/bionic_hand_description/install/bionic_hand_description/share/bionic_hand_description/config
[0.289s] -- Installing: /home/vboxuser/ws_moveit/src/bionic_hand_description/install/bionic_hand_description/share/bionic_hand_description/config/gz_bridge.yaml
[0.289s] -- Installing: /home/vboxuser/ws_moveit/src/bionic_hand_description/install/bionic_hand_description/share/ament_index/resource_index/package_run_dependencies/bionic_hand_description
[0.289s] -- Installing: /home/vboxuser/ws_moveit/src/bionic_hand_description/install/bionic_hand_description/share/ament_index/resource_index/parent_prefix_path/bionic_hand_description
[0.289s] -- Installing: /home/vboxuser/ws_moveit/src/bionic_hand_description/install/bionic_hand_description/share/bionic_hand_description/environment/ament_prefix_path.sh
[0.290s] -- Installing: /home/vboxuser/ws_moveit/src/bionic_hand_description/install/bionic_hand_description/share/bionic_hand_description/environment/ament_prefix_path.dsv
[0.290s] -- Installing: /home/vboxuser/ws_moveit/src/bionic_hand_description/install/bionic_hand_description/share/bionic_hand_description/environment/path.sh
[0.290s] -- Installing: /home/vboxuser/ws_moveit/src/bionic_hand_description/install/bionic_hand_description/share/bionic_hand_description/environment/path.dsv
[0.290s] -- Installing: /home/vboxuser/ws_moveit/src/bionic_hand_description/install/bionic_hand_description/share/bionic_hand_description/local_setup.bash
[0.290s] -- Installing: /home/vboxuser/ws_moveit/src/bionic_hand_description/install/bionic_hand_description/share/bionic_hand_description/local_setup.sh
[0.291s] -- Installing: /home/vboxuser/ws_moveit/src/bionic_hand_description/install/bionic_hand_description/share/bionic_hand_description/local_setup.zsh
[0.291s] -- Installing: /home/vboxuser/ws_moveit/src/bionic_hand_description/install/bionic_hand_description/share/bionic_hand_description/local_setup.dsv
[0.291s] -- Installing: /home/vboxuser/ws_moveit/src/bionic_hand_description/install/bionic_hand_description/share/bionic_hand_description/package.dsv
[0.291s] -- Installing: /home/vboxuser/ws_moveit/src/bionic_hand_description/install/bionic_hand_description/share/ament_index/resource_index/packages/bionic_hand_description
[0.291s] -- Installing: /home/vboxuser/ws_moveit/src/bionic_hand_description/install/bionic_hand_description/share/bionic_hand_description/cmake/bionic_hand_descriptionConfig.cmake
[0.291s] -- Installing: /home/vboxuser/ws_moveit/src/bionic_hand_description/install/bionic_hand_description/share/bionic_hand_description/cmake/bionic_hand_descriptionConfig-version.cmake
[0.292s] -- Installing: /home/vboxuser/ws_moveit/src/bionic_hand_description/install/bionic_hand_description/share/bionic_hand_description/package.xml
[0.294s] Invoked command in '/home/vboxuser/ws_moveit/src/bionic_hand_description/build/bionic_hand_description' returned '0': CMAKE_PREFIX_PATH=/opt/ros/humble /usr/bin/cmake --install /home/vboxuser/ws_moveit/src/bionic_hand_description/build/bionic_hand_description
